# 启动参数

只用了 `-XX:+UseG1GC` 参数

# 简单分析

使用 `jstat -gcutil 9574 100 10` 查看了下 gc 的情况
每列的含义不一一列举, man 手册里有详细的介绍

```
  S0     S1     E      O      M     CCS    YGC     YGCT    FGC    FGCT     GCT   
  0.00 100.00  16.67   0.00  94.17  91.15      5    0.059     0    0.000    0.059
  0.00 100.00  16.67   0.00  94.17  91.15      5    0.059     0    0.000    0.059
  0.00 100.00  16.67   0.00  94.17  91.15      5    0.059     0    0.000    0.059
  0.00 100.00  16.67   0.00  94.17  91.15      5    0.059     0    0.000    0.059
  0.00 100.00  16.67   0.00  94.17  91.15      5    0.059     0    0.000    0.059
  0.00 100.00  16.67   0.00  94.17  91.15      5    0.059     0    0.000    0.059
  0.00 100.00  16.67   0.00  94.17  91.15      5    0.059     0    0.000    0.059
  0.00 100.00  16.67   0.00  94.17  91.15      5    0.059     0    0.000    0.059
  0.00 100.00  16.67   0.00  94.17  91.15      5    0.059     0    0.000    0.059
  0.00 100.00  16.67   0.00  94.17  91.15      5    0.059     0    0.000    0.059
```

使用 `jmap -histo:live 9574` 简单看了下堆的情况

```
num     #instances         #bytes  class name
----------------------------------------------
   1:         39195        3255840  [C
   2:         39180         940320  java.lang.String
   3:          5263         932672  [B
   4:         26157         837024  java.util.concurrent.ConcurrentHashMap$Node
   5:         12086         822280  [Ljava.lang.Object;
   6:          6335         702088  java.lang.Class
   7:          6796         544704  [Ljava.util.WeakHashMap$Entry;
   8:          5951         523688  java.lang.reflect.Method
   9:          6733         430912  org.springframework.boot.loader.jar.JarFileWrapper
  10:          9451         378040  java.lang.ref.Finalizer
  11:          3885         358936  [I
  12:          6796         326208  java.util.WeakHashMap
  13:          6641         265640  java.util.LinkedHashMap$Entry
  14:          2758         248600  [Ljava.util.HashMap$Node;
```

